node.exe : Chat API 
failed: 500 
{"error":"Failed to 
process message","det
ails":"webSearch is 
already being used 
as a state attribute 
(a.k.a. a channel), 
cannot also be used 
as a node 
name.\nError: 
webSearch is already 
being used as a 
state attribute 
(a.k.a. a channel), 
cannot also be used 
as a node name.\n    
at 
StateGraph.addNode (F
:\\zenletics\\y\\.nex
t\\dev\\server\\chunk
s\\node_modules_@lang
chain_langgraph_1adc0
3f2._.js:7561:23)\n  
  at runSelfRAG (F:\\
zenletics\\y\\.next\\
dev\\server\\chunks\\
[root-of-the-server]_
_5e52daa5._.js:777:36
8)\n    at POST (F:\\
zenletics\\y\\.next\\
dev\\server\\chunks\\
[root-of-the-server]_
_5e52daa5._.js:846:18
4)\n    at process.pr
ocessTicksAndRejectio
ns (node:internal/pro
cess/task_queues:105:
5)\n    at async AppR
outeRouteModule.do (F
:\\zenletics\\y\\node
_modules\\next\\dist\
\compiled\\next-serve
r\\app-route-turbo.ru
ntime.dev.js:23:37913
)\n    at async AppRo
uteRouteModule.handle
 (F:\\zenletics\\y\\n
ode_modules\\next\\di
st\\compiled\\next-se
rver\\app-route-turbo
.runtime.dev.js:23:45
132)\n    at async 
responseGenerator (F:
\\zenletics\\y\\.next
\\dev\\server\\chunks
\\node_modules_next_c
3c85f5b._.js:14318:38
)\n    at async AppRo
uteRouteModule.handle
Response (F:\\zenleti
cs\\y\\node_modules\\
next\\dist\\compiled\
\next-server\\app-rou
te-turbo.runtime.dev.
js:19:132654)\n    
at async 
handleResponse (F:\\z
enletics\\y\\.next\\d
ev\\server\\chunks\\n
ode_modules_next_c3c8
5f5b._.js:14380:32)\n
    at async handler 
(F:\\zenletics\\y\\.n
ext\\dev\\server\\chu
nks\\node_modules_nex
t_c3c85f5b._.js:14433
:13)\n    at async De
vServer.renderToRespo
nseWithComponentsImpl
 (F:\\zenletics\\y\\n
ode_modules\\next\\di
st\\server\\base-serv
er.js:1415:9)\n    
at async DevServer.re
nderPageComponent (F:
\\zenletics\\y\\node_
modules\\next\\dist\\
server\\base-server.j
s:1467:24)\n    at 
async DevServer.rende
rToResponseImpl (F:\\
zenletics\\y\\node_mo
dules\\next\\dist\\se
rver\\base-server.js:
1517:32)\n    at 
async 
DevServer.pipeImpl (F
:\\zenletics\\y\\node
_modules\\next\\dist\
\server\\base-server.
js:1023:25)\n    at 
async NextNodeServer.
handleCatchallRenderR
equest (F:\\zenletics
\\y\\node_modules\\ne
xt\\dist\\server\\nex
t-server.js:394:17)\n
    at async DevServe
r.handleRequestImpl (
F:\\zenletics\\y\\nod
e_modules\\next\\dist
\\server\\base-server
.js:914:17)\n    at 
async F:\\zenletics\\
y\\node_modules\\next
\\dist\\server\\dev\\
next-dev-server.js:37
3:20\n    at async 
Span.traceAsyncFn (F:
\\zenletics\\y\\node_
modules\\next\\dist\\
trace\\trace.js:157:2
0)\n    at async DevS
erver.handleRequest (
F:\\zenletics\\y\\nod
e_modules\\next\\dist
\\server\\dev\\next-d
ev-server.js:369:24)\
n    at async 
invokeRender (F:\\zen
letics\\y\\node_modul
es\\next\\dist\\serve
r\\lib\\router-server
.js:240:21)\n    at 
async handleRequest (
F:\\zenletics\\y\\nod
e_modules\\next\\dist
\\server\\lib\\router
-server.js:436:24)\n 
   at async 
requestHandlerImpl (F
:\\zenletics\\y\\node
_modules\\next\\dist\
\server\\lib\\router-
server.js:484:13)\n  
  at async Server.req
uestListener (F:\\zen
letics\\y\\node_modul
es\\next\\dist\\serve
r\\lib\\start-server.
js:226:13)"}
At line:1 char:1
+ & "C:\Program Files
\nodejs/node.exe" "C:
\Users\chand\AppData\
Roaming\ ...
+ ~~~~~~~~~~~~~~~~~~~
~~~~~~~~~~~~~~~~~~~~~
~~~~~~~~~~~~~~~~~~~~~
~~~~~~~~
    + CategoryInfo   
           : NotSpe  
  cified: (Chat AP   
 I failed...er.js    
:226:13)"}:Strin    
g) [], RemoteExc    
eption
    + FullyQualified 
   ErrorId : Native  
  CommandError
 
