lib/ai-trainer/self-rag.ts(173,28): error TS2345: Argument of type '"retrieve"' is not assignable to parameter of type '"__start__"'.
lib/ai-trainer/self-rag.ts(175,22): error TS2345: Argument of type '"retrieve"' is not assignable to parameter of type '"__start__" | "__start__"[]'.
lib/ai-trainer/self-rag.ts(177,34): error TS2345: Argument of type '"gradeDocuments"' is not assignable to parameter of type '"__start__"'.
lib/ai-trainer/self-rag.ts(184,22): error TS2345: Argument of type '"webSearch"' is not assignable to parameter of type '"__start__" | "__start__"[]'.
lib/ai-trainer/self-rag.ts(185,22): error TS2345: Argument of type '"generate"' is not assignable to parameter of type '"__start__" | "__start__"[]'.
lib/ai-trainer/self-rag.ts(201,65): error TS7006: Parameter 'doc' implicitly has an 'any' type.
lib/ai-trainer/self-rag.ts(201,70): error TS7006: Parameter 'i' implicitly has an 'any' type.
